Sat Sep 19 02:38:52 2026       
+-----------------------------------------------------------------------------------------+
| NVIDIA-SMI 580.82.07              Driver Version: 580.82.07      CUDA Version: 13.0     |
+-----------------------------------------+------------------------+----------------------+
| GPU  Name                 Persistence-M | Bus-Id          Disp.A | Volatile Uncorr. ECC |
| Fan  Temp   Perf          Pwr:Usage/Cap |           Memory-Usage | GPU-Util  Compute M. |
|                                         |                        |               MIG M. |
|=========================================+========================+======================|
|   0  Tesla T4                       Off |   00000000:00:04.0 Off |                    0 |
| N/A   63C    P0             31W /   70W |       0MiB /  15360MiB |      0%      Default |
|                                         |                        |                  N/A |
+-----------------------------------------+------------------------+----------------------+

+-----------------------------------------------------------------------------------------+
| Processes:                                                                              |
|  GPU   GI   CI              PID   Type   Process name                        GPU Memory |
|        ID   ID                                                               Usage      |
|=========================================================================================|
|  No running processes found                                                             |
+-----------------------------------------------------------------------------------------+
make: Entering directory '/content/18647_hw1/src/part3_cuda'
make: 'fft_multiply' is up to date.
make: Leaving directory '/content/18647_hw1/src/part3_cuda'
1,0.22256,345.995
2,0.035328,4.04979
4,0.034432,0.869464
8,0.03424,2.09032
16,0.060128,68.9758
32,0.04912,35.3112
64,0.051296,110.711
128,0.065536,150.358
256,0.072032,139.015
512,0.12288,245.431
1024,0.217088,362.05
2048,0.62224,542.447
4096,1.42186,138.437
8192,0.469504,6.23438
16384,0.474208,2.36124
32768,0.488224,3.84828
65536,1.49424,7.25785
131072,2.33158,16.7373
262144,4.86838,34.925
524288,10.1457,71.679
1048576,17.8606,145.823
2097152,34.5004,297.831
4194304,67.6266,626.936
8388608,132.039,1254.35
16777216,152.408,2433.53
33554432,393.449,5560.96
stopping at n=67108864: insufficient host memory for next problem size
saved /content/18647_hw1/runs/gpu_fft_table.csv
saved /content/18647_hw1/plots/gpu_fft_mops.pdf
Part 3 outputs:
  /content/18647_hw1/runs/gpu_results.csv
  /content/18647_hw1/runs/gpu_fft_table.csv
  /content/18647_hw1/plots/gpu_fft_mops.pdf
  /content/18647_hw1/runs/part3_colab.log
  /content/18647_hw1/runs/part3_environment.txt
